

9999
10000

14

15

Create failed [echo1]
unable to delete/modify user-function due to active statements


-1377409902473561267|-1377409902473561267
DROP FUNCTION error: unable to delete/modify user-function due to active statements