
-------------

9223312891997366211
Run Time: real 0.258 user 0.255690 sys 0.000000
9223312891997366211
Run Time: real 2.326 user 2.312664 sys 0.000000
9223312891997366211
Run Time: real 0.070 user 0.069406 sys 0.000000