

-------------

1|2|
-------------

value                 typeof(value)
--------------------  -------------
123                   integer      
324                   integer      
3.14159265358979      real         
-1377409902473561268  integer      
value                 typeof(value)
--------------------  -------------
123                   integer      
324                   integer      
3.14159265358979      real         
                      null         
test                  text         
-1377409902473561268  integer      
r0   r1   r2                r3  r4    r5                    r6  r7  r8  r9
---  ---  ----------------  --  ----  --------------------  --  --  --  --
124  324  3.14159265358979      test  -1377409902473561268                