

-------------
18

21|21

21|21
19

20

 | [value] 8LL
 | [value] 10LL
table