

-------------
FF00FF

FF00FF

F500F9||
F500F9	NULL	0