

-------------
36|15|27

3|4||3|4|
5|8||5|8|

1|2|
3|4|
5|8|
9|10|